#-----------------------------------------------------------
# Webtalk v2020.1 (64-bit)
# SW Build 2902540 on Wed May 27 19:54:49 MDT 2020
# IP Build 2902112 on Wed May 27 22:43:36 MDT 2020
# Start of session at: Wed Jan  6 02:35:20 2021
# Process ID: 4732
# Current directory: C:/Users/Sergio/Desktop/TrabajoSED_VHDL/VHDL_Cafetera/VHDL_Cafetera.sim/sim_1/behav/xsim
# Command line: wbtcv.exe -mode batch -source C:/Users/Sergio/Desktop/TrabajoSED_VHDL/VHDL_Cafetera/VHDL_Cafetera.sim/sim_1/behav/xsim/xsim.dir/cfg_tb_stringtocathode_behav/webtalk/xsim_webtalk.tcl -notrace
# Log file: C:/Users/Sergio/Desktop/TrabajoSED_VHDL/VHDL_Cafetera/VHDL_Cafetera.sim/sim_1/behav/xsim/webtalk.log
# Journal file: C:/Users/Sergio/Desktop/TrabajoSED_VHDL/VHDL_Cafetera/VHDL_Cafetera.sim/sim_1/behav/xsim\webtalk.jou
#-----------------------------------------------------------
source C:/Users/Sergio/Desktop/TrabajoSED_VHDL/VHDL_Cafetera/VHDL_Cafetera.sim/sim_1/behav/xsim/xsim.dir/cfg_tb_stringtocathode_behav/webtalk/xsim_webtalk.tcl -notrace
